../../../externals/mbedtls/library/aes.c:376:13:aes_gen_tables	1992	static
../../../externals/mbedtls/library/aes.c:1094:13:mbedtls_gf128mul_x_ble	56	static
../../../externals/mbedtls/library/aes.c:490:6:mbedtls_aes_init	8	static
../../../externals/mbedtls/library/aes.c:497:6:mbedtls_aes_free	8	static
../../../externals/mbedtls/library/aes.c:506:6:mbedtls_aes_xts_init	8	static
../../../externals/mbedtls/library/aes.c:514:6:mbedtls_aes_xts_free	16	static
../../../externals/mbedtls/library/aes.c:528:5:mbedtls_aes_setkey_enc	80	static
../../../externals/mbedtls/library/aes.c:644:5:mbedtls_aes_setkey_dec	368	static
../../../externals/mbedtls/library/aes.c:738:5:mbedtls_aes_xts_setkey_enc	32	static
../../../externals/mbedtls/library/aes.c:763:5:mbedtls_aes_xts_setkey_dec	32	static
../../../externals/mbedtls/library/aes.c:841:5:mbedtls_internal_aes_encrypt	128	static
../../../externals/mbedtls/library/aes.c:905:5:mbedtls_internal_aes_decrypt	128	static
../../../externals/mbedtls/library/aes.c:968:5:mbedtls_aes_crypt_ecb	48	static
../../../externals/mbedtls/library/aes.c:1006:5:mbedtls_aes_crypt_cbc	80	static
../../../externals/mbedtls/library/aes.c:1112:5:mbedtls_aes_crypt_xts	160	static
../../../externals/mbedtls/library/aes.c:1223:5:mbedtls_aes_crypt_cfb128	80	static
../../../externals/mbedtls/library/aes.c:1293:5:mbedtls_aes_crypt_cfb8	96	static
../../../externals/mbedtls/library/aes.c:1338:5:mbedtls_aes_crypt_ofb	80	static
../../../externals/mbedtls/library/aes.c:1383:5:mbedtls_aes_crypt_ctr	80	static
../../../externals/mbedtls/library/aes.c:1748:5:mbedtls_aes_self_test	1232	dynamic,bounded
