../../../externals/mbedtls/library/asn1write.c:37:5:mbedtls_asn1_write_len	16	static
../../../externals/mbedtls/library/asn1write.c:101:5:mbedtls_asn1_write_tag	8	static
../../../externals/mbedtls/library/asn1write.c:111:5:mbedtls_asn1_write_raw_buffer	16	static
../../../externals/mbedtls/library/asn1write.c:127:5:mbedtls_asn1_write_mpi	48	static
../../../externals/mbedtls/library/asn1write.c:164:5:mbedtls_asn1_write_null	8	static
../../../externals/mbedtls/library/asn1write.c:177:5:mbedtls_asn1_write_oid	32	static
../../../externals/mbedtls/library/asn1write.c:191:5:mbedtls_asn1_write_algorithm_identifier	48	static
../../../externals/mbedtls/library/asn1write.c:212:5:mbedtls_asn1_write_bool	8	static
../../../externals/mbedtls/library/asn1write.c:258:5:mbedtls_asn1_write_int	16	static
../../../externals/mbedtls/library/asn1write.c:263:5:mbedtls_asn1_write_enum	16	static
../../../externals/mbedtls/library/asn1write.c:268:5:mbedtls_asn1_write_tagged_string	48	static
../../../externals/mbedtls/library/asn1write.c:283:5:mbedtls_asn1_write_utf8_string	32	static
../../../externals/mbedtls/library/asn1write.c:289:5:mbedtls_asn1_write_printable_string	32	static
../../../externals/mbedtls/library/asn1write.c:295:5:mbedtls_asn1_write_ia5_string	32	static
../../../externals/mbedtls/library/asn1write.c:301:5:mbedtls_asn1_write_named_bitstring	48	static
../../../externals/mbedtls/library/asn1write.c:344:5:mbedtls_asn1_write_bitstring	48	static
../../../externals/mbedtls/library/asn1write.c:377:5:mbedtls_asn1_write_octet_string	32	static
../../../externals/mbedtls/library/asn1write.c:412:26:mbedtls_asn1_store_named_data	96	static
