../../../externals/mbedtls/library/bignum.c:1390:6:mpi_mul_hlp	16	static
../../../externals/mbedtls/library/bignum.c:1911:13:mpi_montmul	112	static
../../../externals/mbedtls/library/bignum.c:1063:5:mbedtls_mpi_cmp_mpi.constprop	8	static
../../../externals/mbedtls/library/bignum.c:1031:5:mbedtls_mpi_cmp_abs.constprop	8	static
../../../externals/mbedtls/library/bignum.c:2362:12:mpi_fill_random_internal	80	static
../../../externals/mbedtls/library/bignum.c:2619:12:mpi_check_small_factors	16	static
../../../externals/mbedtls/library/bignum.c:987:5:mbedtls_mpi_shift_r.constprop	32	static
../../../externals/mbedtls/library/bignum.c:86:6:mbedtls_mpi_init	8	static
../../../externals/mbedtls/library/bignum.c:98:6:mbedtls_mpi_free	16	static
../../../externals/mbedtls/library/bignum.c:117:5:mbedtls_mpi_grow	48	static
../../../externals/mbedtls/library/bignum.c:148:5:mbedtls_mpi_shrink	48	static
../../../externals/mbedtls/library/bignum.c:216:5:mbedtls_mpi_copy	64	static
../../../externals/mbedtls/library/bignum.c:262:6:mbedtls_mpi_swap	8	static
../../../externals/mbedtls/library/bignum.c:276:5:mbedtls_mpi_lset	32	static
../../../externals/mbedtls/library/bignum.c:295:5:mbedtls_mpi_get_bit	8	static
../../../externals/mbedtls/library/bignum.c:312:5:mbedtls_mpi_set_bit	80	static
../../../externals/mbedtls/library/bignum.c:341:8:mbedtls_mpi_lsb	8	static
../../../externals/mbedtls/library/bignum.c:375:8:mbedtls_mpi_bitlen	8	static
../../../externals/mbedtls/library/bignum.c:394:8:mbedtls_mpi_size	8	static
../../../externals/mbedtls/library/bignum.c:789:5:mbedtls_mpi_read_binary_le	48	static
../../../externals/mbedtls/library/bignum.c:815:5:mbedtls_mpi_read_binary	64	static
../../../externals/mbedtls/library/bignum.c:851:5:mbedtls_mpi_write_binary_le	16	static
../../../externals/mbedtls/library/bignum.c:890:5:mbedtls_mpi_write_binary	32	static
../../../externals/mbedtls/library/bignum.c:936:5:mbedtls_mpi_shift_l	80	static
../../../externals/mbedtls/library/bignum.c:987:5:mbedtls_mpi_shift_r	32	static
../../../externals/mbedtls/library/bignum.c:1031:5:mbedtls_mpi_cmp_abs	8	static
../../../externals/mbedtls/library/bignum.c:1063:5:mbedtls_mpi_cmp_mpi	8	static
../../../externals/mbedtls/library/bignum.c:1098:5:mbedtls_mpi_cmp_int	8	static
../../../externals/mbedtls/library/bignum.c:1115:5:mbedtls_mpi_add_abs	64	static
../../../externals/mbedtls/library/bignum.c:1208:5:mbedtls_mpi_sub_abs	80	static
../../../externals/mbedtls/library/bignum.c:1263:5:mbedtls_mpi_add_mpi.constprop	96	static
../../../externals/mbedtls/library/bignum.c:1263:5:mbedtls_mpi_add_mpi	32	static
../../../externals/mbedtls/library/bignum.c:1298:5:mbedtls_mpi_sub_mpi	32	static
../../../externals/mbedtls/library/bignum.c:1333:5:mbedtls_mpi_add_int	128	static
../../../externals/mbedtls/library/bignum.c:1351:5:mbedtls_mpi_sub_int	128	static
../../../externals/mbedtls/library/bignum.c:1457:5:mbedtls_mpi_mul_mpi	160	static
../../../externals/mbedtls/library/bignum.c:1509:5:mbedtls_mpi_mul_int	80	static
../../../externals/mbedtls/library/bignum.c:419:5:mbedtls_mpi_read_string	192	static
../../../externals/mbedtls/library/bignum.c:616:5:mbedtls_mpi_read_file	2528	static
../../../externals/mbedtls/library/bignum.c:1643:5:mbedtls_mpi_div_mpi.constprop	400	static
../../../externals/mbedtls/library/bignum.c:528:5:mbedtls_mpi_write_string	176	static
../../../externals/mbedtls/library/bignum.c:655:5:mbedtls_mpi_write_file	2576	static
../../../externals/mbedtls/library/bignum.c:1643:5:mbedtls_mpi_div_mpi	400	static
../../../externals/mbedtls/library/bignum.c:1771:5:mbedtls_mpi_div_int	64	static
../../../externals/mbedtls/library/bignum.c:1790:5:mbedtls_mpi_mod_mpi	32	static
../../../externals/mbedtls/library/bignum.c:1816:5:mbedtls_mpi_mod_int	8	static
../../../externals/mbedtls/library/bignum.c:2007:5:mbedtls_mpi_exp_mod	1936	static
../../../externals/mbedtls/library/bignum.c:2646:12:mpi_miller_rabin	352	static
../../../externals/mbedtls/library/bignum.c:2244:5:mbedtls_mpi_gcd	144	static
../../../externals/mbedtls/library/bignum.c:2389:5:mbedtls_mpi_fill_random	48	static
../../../externals/mbedtls/library/bignum.c:2410:5:mbedtls_mpi_random	160	static
../../../externals/mbedtls/library/bignum.c:2488:5:mbedtls_mpi_inv_mod	448	static
../../../externals/mbedtls/library/bignum.c:2739:5:mbedtls_mpi_is_prime_ext	80	static
../../../externals/mbedtls/library/bignum.c:2777:5:mbedtls_mpi_gen_prime	192	static
../../../externals/mbedtls/library/bignum.c:2913:5:mbedtls_mpi_self_test	336	static
