../../../externals/mbedtls/library/camellia.c:274:13:camellia_feistel	8	static
../../../externals/mbedtls/library/camellia.c:299:6:mbedtls_camellia_init	8	static
../../../externals/mbedtls/library/camellia.c:305:6:mbedtls_camellia_free	8	static
../../../externals/mbedtls/library/camellia.c:316:5:mbedtls_camellia_setkey_enc	336	static
../../../externals/mbedtls/library/camellia.c:425:5:mbedtls_camellia_setkey_dec	320	static
../../../externals/mbedtls/library/camellia.c:476:5:mbedtls_camellia_crypt_ecb	112	static
../../../externals/mbedtls/library/camellia.c:544:5:mbedtls_camellia_crypt_cbc	64	static
../../../externals/mbedtls/library/camellia.c:604:5:mbedtls_camellia_crypt_cfb128	64	static
../../../externals/mbedtls/library/camellia.c:663:5:mbedtls_camellia_crypt_ctr	80	static
../../../externals/mbedtls/library/camellia.c:907:5:mbedtls_camellia_self_test	608	static
