../../../externals/mbedtls/library/chacha20.c:133:13:chacha20_block	176	static
../../../externals/mbedtls/library/chacha20.c:173:6:mbedtls_chacha20_init	16	static
../../../externals/mbedtls/library/chacha20.c:184:6:mbedtls_chacha20_free	8	static
../../../externals/mbedtls/library/chacha20.c:192:5:mbedtls_chacha20_setkey	8	static
../../../externals/mbedtls/library/chacha20.c:217:5:mbedtls_chacha20_starts	16	static
../../../externals/mbedtls/library/chacha20.c:240:5:mbedtls_chacha20_update	112	static
../../../externals/mbedtls/library/chacha20.c:305:5:mbedtls_chacha20_crypt	224	static
../../../externals/mbedtls/library/chacha20.c:523:5:mbedtls_chacha20_self_test	624	static
