../../../externals/mbedtls/library/constant_time.c:49:5:mbedtls_ct_memcmp	8	static
../../../externals/mbedtls/library/constant_time.c:70:10:mbedtls_ct_uint_mask	8	static
../../../externals/mbedtls/library/constant_time.c:86:8:mbedtls_ct_size_mask	8	static
../../../externals/mbedtls/library/constant_time.c:104:18:mbedtls_ct_mpi_uint_mask	8	static
../../../externals/mbedtls/library/constant_time.c:149:8:mbedtls_ct_size_mask_ge	8	static
../../../externals/mbedtls/library/constant_time.c:177:10:mbedtls_ct_size_bool_eq	8	static
../../../externals/mbedtls/library/constant_time.c:227:10:mbedtls_ct_mpi_uint_lt	8	static
../../../externals/mbedtls/library/constant_time.c:257:10:mbedtls_ct_uint_if	8	static
../../../externals/mbedtls/library/constant_time.c:301:6:mbedtls_ct_mpi_uint_cond_assign	8	static
../../../externals/mbedtls/library/constant_time.c:330:15:mbedtls_ct_base64_enc_char	8	static
../../../externals/mbedtls/library/constant_time.c:344:13:mbedtls_ct_base64_dec_value	8	static
../../../externals/mbedtls/library/constant_time.c:409:6:mbedtls_ct_memcpy_if_eq	8	static
../../../externals/mbedtls/library/constant_time.c:424:6:mbedtls_ct_memcpy_offset	56	static
../../../externals/mbedtls/library/constant_time.c:440:5:mbedtls_ct_hmac	240	static
../../../externals/mbedtls/library/constant_time.c:536:5:mbedtls_mpi_safe_cond_assign	32	static
../../../externals/mbedtls/library/constant_time.c:568:5:mbedtls_mpi_safe_cond_swap	32	static
../../../externals/mbedtls/library/constant_time.c:607:5:mbedtls_mpi_lt_mpi_ct	48	static
../../../externals/mbedtls/library/constant_time.c:675:5:mbedtls_ct_rsaes_pkcs1_v15_unpadding	80	static
