../../../externals/mbedtls/library/ctr_drbg.c:802:12:ctr_drbg_self_test_entropy	32	static
../../../externals/mbedtls/library/ctr_drbg.c:125:12:block_cipher_df	896	static
../../../externals/mbedtls/library/ctr_drbg.c:253:12:ctr_drbg_update_internal	112	static
../../../externals/mbedtls/library/ctr_drbg.c:348:12:mbedtls_ctr_drbg_reseed_internal	448	static
../../../externals/mbedtls/library/ctr_drbg.c:51:6:mbedtls_ctr_drbg_init	8	static
../../../externals/mbedtls/library/ctr_drbg.c:65:6:mbedtls_ctr_drbg_free	16	static
../../../externals/mbedtls/library/ctr_drbg.c:81:6:mbedtls_ctr_drbg_set_prediction_resistance	8	static
../../../externals/mbedtls/library/ctr_drbg.c:87:6:mbedtls_ctr_drbg_set_entropy_len	8	static
../../../externals/mbedtls/library/ctr_drbg.c:93:5:mbedtls_ctr_drbg_set_nonce_len	8	static
../../../externals/mbedtls/library/ctr_drbg.c:119:6:mbedtls_ctr_drbg_set_reseed_interval	8	static
../../../externals/mbedtls/library/ctr_drbg.c:315:5:mbedtls_ctr_drbg_update	80	static
../../../externals/mbedtls/library/ctr_drbg.c:404:5:mbedtls_ctr_drbg_reseed	8	static
../../../externals/mbedtls/library/ctr_drbg.c:434:5:mbedtls_ctr_drbg_seed	96	static
../../../externals/mbedtls/library/ctr_drbg.c:501:5:mbedtls_ctr_drbg_random_with_add	144	static
../../../externals/mbedtls/library/ctr_drbg.c:578:5:mbedtls_ctr_drbg_random	8	static
../../../externals/mbedtls/library/ctr_drbg.c:600:5:mbedtls_ctr_drbg_write_seed_file	288	static
../../../externals/mbedtls/library/ctr_drbg.c:631:5:mbedtls_ctr_drbg_update_seed_file	576	static
../../../externals/mbedtls/library/ctr_drbg.c:823:5:mbedtls_ctr_drbg_self_test	512	static
