../../../externals/mbedtls/library/des.c:284:6:mbedtls_des_init	8	static
../../../externals/mbedtls/library/des.c:289:6:mbedtls_des_free	8	static
../../../externals/mbedtls/library/des.c:297:6:mbedtls_des3_init	8	static
../../../externals/mbedtls/library/des.c:302:6:mbedtls_des3_free	8	static
../../../externals/mbedtls/library/des.c:321:6:mbedtls_des_key_set_parity	8	static
../../../externals/mbedtls/library/des.c:332:5:mbedtls_des_key_check_key_parity	8	static
../../../externals/mbedtls/library/des.c:387:5:mbedtls_des_key_check_weak	8	static
../../../externals/mbedtls/library/des.c:399:6:mbedtls_des_setkey	24	static
../../../externals/mbedtls/library/des.c:550:13:des3_set3key	48	static
../../../externals/mbedtls/library/des.c:497:13:des3_set2key	32	static
../../../externals/mbedtls/library/des.c:472:5:mbedtls_des_setkey_enc	16	static
../../../externals/mbedtls/library/des.c:482:5:mbedtls_des_setkey_dec	16	static
../../../externals/mbedtls/library/des.c:525:5:mbedtls_des3_set2key_enc	400	static
../../../externals/mbedtls/library/des.c:539:5:mbedtls_des3_set2key_dec	400	static
../../../externals/mbedtls/library/des.c:576:5:mbedtls_des3_set3key_enc	400	static
../../../externals/mbedtls/library/des.c:590:5:mbedtls_des3_set3key_dec	400	static
../../../externals/mbedtls/library/des.c:605:5:mbedtls_des_crypt_ecb	56	static
../../../externals/mbedtls/library/des.c:638:5:mbedtls_des_crypt_cbc	64	static
../../../externals/mbedtls/library/des.c:699:5:mbedtls_des3_crypt_ecb	56	static
../../../externals/mbedtls/library/des.c:744:5:mbedtls_des3_crypt_cbc	64	static
../../../externals/mbedtls/library/des.c:859:5:mbedtls_des_self_test	1024	static
