../../../externals/mbedtls/library/ecjpake.c:967:12:self_test_rng	8	static
../../../externals/mbedtls/library/ecjpake.c:1004:12:ecjpake_lgc	8	static
../../../externals/mbedtls/library/ecjpake.c:639:12:ecjpake_mul_secret	112	static
../../../externals/mbedtls/library/ecjpake.c:983:12:ecjpake_test_load.constprop	48	static
../../../externals/mbedtls/library/ecjpake.c:199:12:ecjpake_hash	608	static
../../../externals/mbedtls/library/ecjpake.c:380:12:ecjpake_kkp_read.part.0	352	dynamic,bounded
../../../externals/mbedtls/library/ecjpake.c:319:12:ecjpake_zkp_write	272	dynamic,bounded
../../../externals/mbedtls/library/ecjpake.c:57:6:mbedtls_ecjpake_init	16	static
../../../externals/mbedtls/library/ecjpake.c:79:6:mbedtls_ecjpake_free	16	static
../../../externals/mbedtls/library/ecjpake.c:101:5:mbedtls_ecjpake_setup	64	static
../../../externals/mbedtls/library/ecjpake.c:131:5:mbedtls_ecjpake_set_point_format	8	static
../../../externals/mbedtls/library/ecjpake.c:148:5:mbedtls_ecjpake_check	8	static
../../../externals/mbedtls/library/ecjpake.c:520:5:mbedtls_ecjpake_read_round_one	128	dynamic,bounded
../../../externals/mbedtls/library/ecjpake.c:536:5:mbedtls_ecjpake_write_round_one	208	dynamic,bounded
../../../externals/mbedtls/library/ecjpake.c:578:5:mbedtls_ecjpake_read_round_two	496	dynamic,bounded
../../../externals/mbedtls/library/ecjpake.c:670:5:mbedtls_ecjpake_write_round_two	416	dynamic,bounded
../../../externals/mbedtls/library/ecjpake.c:752:5:mbedtls_ecjpake_derive_secret	336	dynamic,bounded
../../../externals/mbedtls/library/ecjpake.c:1035:5:mbedtls_ecjpake_self_test	2176	static
