../../../externals/mbedtls/library/ecp.c:3236:12:self_test_rng	8	static
../../../externals/mbedtls/library/ecp.c:1026:12:ecp_modp	32	static
../../../externals/mbedtls/library/ecp.c:1107:19:mbedtls_mpi_sub_mod	32	static
../../../externals/mbedtls/library/ecp.c:1129:19:mbedtls_mpi_add_mod	32	static
../../../externals/mbedtls/library/ecp.c:1080:19:mbedtls_mpi_mul_mod	32	static
../../../externals/mbedtls/library/ecp.c:1145:19:mbedtls_mpi_shift_l_mod.constprop	32	static
../../../externals/mbedtls/library/ecp.c:1843:12:ecp_select_comb	128	static
../../../externals/mbedtls/library/ecp.c:2278:12:ecp_randomize_mxz	80	static
../../../externals/mbedtls/library/ecp.c:1170:12:ecp_normalize_jac	128	static
../../../externals/mbedtls/library/ecp.c:1224:12:ecp_normalize_jac_many	224	static
../../../externals/mbedtls/library/ecp.c:1543:12:ecp_randomize_jac	128	static
../../../externals/mbedtls/library/ecp.c:1351:12:ecp_double_jac	224	static
../../../externals/mbedtls/library/ecp.c:1451:12:ecp_add_mixed	352	static
../../../externals/mbedtls/library/ecp.c:1995:12:ecp_mul_comb_after_precomp.isra	528	static
../../../externals/mbedtls/library/ecp.c:2452:12:ecp_mul_restartable_internal.part.0.isra	656	dynamic,bounded
../../../externals/mbedtls/library/ecp.c:409:31:mbedtls_ecp_curve_list	8	static
../../../externals/mbedtls/library/ecp.c:417:29:mbedtls_ecp_grp_id_list	8	static
../../../externals/mbedtls/library/ecp.c:443:31:mbedtls_ecp_curve_info_from_grp_id	8	static
../../../externals/mbedtls/library/ecp.c:461:31:mbedtls_ecp_curve_info_from_tls_id	8	static
../../../externals/mbedtls/library/ecp.c:479:31:mbedtls_ecp_curve_info_from_name	32	static
../../../externals/mbedtls/library/ecp.c:500:24:mbedtls_ecp_get_type	8	static
../../../externals/mbedtls/library/ecp.c:514:6:mbedtls_ecp_point_init	16	static
../../../externals/mbedtls/library/ecp.c:526:6:mbedtls_ecp_group_init	16	static
../../../externals/mbedtls/library/ecp.c:550:6:mbedtls_ecp_keypair_init	16	static
../../../externals/mbedtls/library/ecp.c:562:6:mbedtls_ecp_point_free	16	static
../../../externals/mbedtls/library/ecp.c:587:6:mbedtls_ecp_group_free	32	static
../../../externals/mbedtls/library/ecp.c:616:6:mbedtls_ecp_keypair_free	16	static
../../../externals/mbedtls/library/ecp.c:629:5:mbedtls_ecp_copy	32	static
../../../externals/mbedtls/library/ecp.c:646:5:mbedtls_ecp_group_copy	8	static
../../../externals/mbedtls/library/ecp.c:657:5:mbedtls_ecp_set_zero	16	static
../../../externals/mbedtls/library/ecp.c:673:5:mbedtls_ecp_is_zero	16	static
../../../externals/mbedtls/library/ecp.c:683:5:mbedtls_ecp_point_cmp	32	static
../../../externals/mbedtls/library/ecp.c:702:5:mbedtls_ecp_point_read_string	32	static
../../../externals/mbedtls/library/ecp.c:721:5:mbedtls_ecp_point_write_binary	80	static
../../../externals/mbedtls/library/ecp.c:796:5:mbedtls_ecp_point_read_binary	48	static
../../../externals/mbedtls/library/ecp.c:861:5:mbedtls_ecp_tls_read_point	64	static
../../../externals/mbedtls/library/ecp.c:897:5:mbedtls_ecp_tls_write_point	96	static
../../../externals/mbedtls/library/ecp.c:931:5:mbedtls_ecp_tls_read_group	8	static
../../../externals/mbedtls/library/ecp.c:950:5:mbedtls_ecp_tls_read_group_id	8	static
../../../externals/mbedtls/library/ecp.c:989:5:mbedtls_ecp_tls_write_group	8	static
../../../externals/mbedtls/library/ecp.c:2864:5:mbedtls_ecp_check_pubkey	128	static
../../../externals/mbedtls/library/ecp.c:2452:12:ecp_mul_restartable_internal.isra	64	static
../../../externals/mbedtls/library/ecp.c:2601:12:mbedtls_ecp_mul_shortcuts.isra	48	static
../../../externals/mbedtls/library/ecp.c:2637:5:mbedtls_ecp_muladd_restartable	176	static
../../../externals/mbedtls/library/ecp.c:2734:5:mbedtls_ecp_muladd	176	static
../../../externals/mbedtls/library/ecp.c:2516:5:mbedtls_ecp_mul_restartable	64	static
../../../externals/mbedtls/library/ecp.c:2535:5:mbedtls_ecp_mul	64	static
../../../externals/mbedtls/library/ecp.c:2888:5:mbedtls_ecp_check_privkey	32	static
../../../externals/mbedtls/library/ecp.c:3289:12:self_test_point.constprop	112	static
../../../externals/mbedtls/library/ecp.c:2978:5:mbedtls_ecp_gen_privkey	32	static
../../../externals/mbedtls/library/ecp.c:3003:5:mbedtls_ecp_gen_keypair_base	80	static
../../../externals/mbedtls/library/ecp.c:3026:5:mbedtls_ecp_gen_keypair	80	static
../../../externals/mbedtls/library/ecp.c:3042:5:mbedtls_ecp_gen_key	64	static
../../../externals/mbedtls/library/ecp.c:3060:5:mbedtls_ecp_read_key	80	static
../../../externals/mbedtls/library/ecp.c:3143:5:mbedtls_ecp_write_key	48	static
../../../externals/mbedtls/library/ecp.c:3184:5:mbedtls_ecp_check_pub_priv	448	static
../../../externals/mbedtls/library/ecp.c:3344:5:mbedtls_ecp_self_test	656	static
