../../../externals/mbedtls/library/hmac_drbg.c:541:12:hmac_drbg_self_test_entropy	32	static
../../../externals/mbedtls/library/hmac_drbg.c:52:6:mbedtls_hmac_drbg_init	8	static
../../../externals/mbedtls/library/hmac_drbg.c:62:5:mbedtls_hmac_drbg_update	160	static
../../../externals/mbedtls/library/hmac_drbg.c:144:12:hmac_drbg_reseed_core	448	static
../../../externals/mbedtls/library/hmac_drbg.c:110:5:mbedtls_hmac_drbg_seed_buf	48	static
../../../externals/mbedtls/library/hmac_drbg.c:223:5:mbedtls_hmac_drbg_reseed	8	static
../../../externals/mbedtls/library/hmac_drbg.c:235:5:mbedtls_hmac_drbg_seed	80	static
../../../externals/mbedtls/library/hmac_drbg.c:293:6:mbedtls_hmac_drbg_set_prediction_resistance	8	static
../../../externals/mbedtls/library/hmac_drbg.c:302:6:mbedtls_hmac_drbg_set_entropy_len	8	static
../../../externals/mbedtls/library/hmac_drbg.c:310:6:mbedtls_hmac_drbg_set_reseed_interval	8	static
../../../externals/mbedtls/library/hmac_drbg.c:319:5:mbedtls_hmac_drbg_random_with_add	80	static
../../../externals/mbedtls/library/hmac_drbg.c:390:5:mbedtls_hmac_drbg_random	8	static
../../../externals/mbedtls/library/hmac_drbg.c:414:6:mbedtls_hmac_drbg_free	16	static
../../../externals/mbedtls/library/hmac_drbg.c:430:5:mbedtls_hmac_drbg_write_seed_file	288	static
../../../externals/mbedtls/library/hmac_drbg.c:457:5:mbedtls_hmac_drbg_update_seed_file	576	static
../../../externals/mbedtls/library/hmac_drbg.c:560:5:mbedtls_hmac_drbg_self_test	656	static
