../../../externals/mbedtls/library/md.c:151:12:mbedtls_md_list	8	static
../../../externals/mbedtls/library/md.c:156:26:mbedtls_md_info_from_string	16	static
../../../externals/mbedtls/library/md.c:193:26:mbedtls_md_info_from_type	8	static
../../../externals/mbedtls/library/md.c:230:6:mbedtls_md_init	8	static
../../../externals/mbedtls/library/md.c:235:6:mbedtls_md_free	16	static
../../../externals/mbedtls/library/md.c:296:5:mbedtls_md_clone	16	static
../../../externals/mbedtls/library/md.c:359:5:mbedtls_md_setup	32	static
../../../externals/mbedtls/library/md.c:423:5:mbedtls_md_starts	8	static
../../../externals/mbedtls/library/md.c:463:5:mbedtls_md_update	8	static
../../../externals/mbedtls/library/md.c:503:5:mbedtls_md_finish	8	static
../../../externals/mbedtls/library/md.c:543:5:mbedtls_md	8	static
../../../externals/mbedtls/library/md.c:585:5:mbedtls_md_file	1120	static
../../../externals/mbedtls/library/md.c:625:5:mbedtls_md_hmac_starts	128	static
../../../externals/mbedtls/library/md.c:672:5:mbedtls_md_hmac_update	8	static
../../../externals/mbedtls/library/md.c:680:5:mbedtls_md_hmac_finish	112	static
../../../externals/mbedtls/library/md.c:704:5:mbedtls_md_hmac_reset	32	static
../../../externals/mbedtls/library/md.c:719:5:mbedtls_md_hmac	112	static
../../../externals/mbedtls/library/md.c:748:5:mbedtls_md_process	8	static
../../../externals/mbedtls/library/md.c:788:15:mbedtls_md_get_size	8	static
../../../externals/mbedtls/library/md.c:796:19:mbedtls_md_get_type	8	static
../../../externals/mbedtls/library/md.c:804:13:mbedtls_md_get_name	8	static
