../../../externals/mbedtls/library/md5.c:46:6:mbedtls_md5_init	8	static
../../../externals/mbedtls/library/md5.c:51:6:mbedtls_md5_free	8	static
../../../externals/mbedtls/library/md5.c:59:6:mbedtls_md5_clone	8	static
../../../externals/mbedtls/library/md5.c:68:5:mbedtls_md5_starts	8	static
../../../externals/mbedtls/library/md5.c:82:5:mbedtls_internal_md5_process	176	static
../../../externals/mbedtls/library/md5.c:222:5:mbedtls_md5_update	48	static
../../../externals/mbedtls/library/md5.c:273:5:mbedtls_md5_finish	32	static
../../../externals/mbedtls/library/md5.c:332:5:mbedtls_md5	192	static
../../../externals/mbedtls/library/md5.c:397:5:mbedtls_md5_self_test	192	static
