../../../externals/mbedtls/library/pk.c:55:6:mbedtls_pk_init	8	static
../../../externals/mbedtls/library/pk.c:66:6:mbedtls_pk_free	16	static
../../../externals/mbedtls/library/pk.c:109:27:mbedtls_pk_info_from_type	8	static
../../../externals/mbedtls/library/pk.c:135:5:mbedtls_pk_setup	32	static
../../../externals/mbedtls/library/pk.c:189:5:mbedtls_pk_setup_rsa_alt	64	static
../../../externals/mbedtls/library/pk.c:220:5:mbedtls_pk_can_do	8	static
../../../externals/mbedtls/library/pk.c:275:5:mbedtls_pk_verify_restartable	48	static
../../../externals/mbedtls/library/pk.c:323:5:mbedtls_pk_verify	48	static
../../../externals/mbedtls/library/pk.c:334:5:mbedtls_pk_verify_ext	96	dynamic,bounded
../../../externals/mbedtls/library/pk.c:396:5:mbedtls_pk_sign_restartable	80	static
../../../externals/mbedtls/library/pk.c:449:5:mbedtls_pk_sign	80	static
../../../externals/mbedtls/library/pk.c:462:5:mbedtls_pk_decrypt	16	static
../../../externals/mbedtls/library/pk.c:485:5:mbedtls_pk_encrypt	16	static
../../../externals/mbedtls/library/pk.c:508:5:mbedtls_pk_check_pair	8	static
../../../externals/mbedtls/library/pk.c:545:8:mbedtls_pk_get_bitlen	8	static
../../../externals/mbedtls/library/pk.c:558:5:mbedtls_pk_debug	16	static
../../../externals/mbedtls/library/pk.c:574:13:mbedtls_pk_get_name	8	static
../../../externals/mbedtls/library/pk.c:585:19:mbedtls_pk_get_type	8	static
