../../../externals/mbedtls/library/pk_wrap.c:65:12:rsa_can_do	8	static
../../../externals/mbedtls/library/pk_wrap.c:185:13:rsa_debug	8	static
../../../externals/mbedtls/library/pk_wrap.c:232:12:eckey_can_do	8	static
../../../externals/mbedtls/library/pk_wrap.c:239:15:eckey_get_bitlen	8	static
../../../externals/mbedtls/library/pk_wrap.c:423:13:eckey_debug	8	static
../../../externals/mbedtls/library/pk_wrap.c:461:12:eckeydh_can_do	8	static
../../../externals/mbedtls/library/pk_wrap.c:492:12:ecdsa_can_do	8	static
../../../externals/mbedtls/library/pk_wrap.c:764:12:rsa_alt_can_do	8	static
../../../externals/mbedtls/library/pk_wrap.c:769:15:rsa_alt_get_bitlen	16	static
../../../externals/mbedtls/library/pk_wrap.c:776:12:rsa_alt_sign_wrap	96	static
../../../externals/mbedtls/library/pk_wrap.c:798:12:rsa_alt_decrypt_wrap	64	static
../../../externals/mbedtls/library/pk_wrap.c:179:13:rsa_free_wrap	16	static
../../../externals/mbedtls/library/pk_wrap.c:848:14:rsa_alt_alloc_wrap	8	static
../../../externals/mbedtls/library/pk_wrap.c:169:14:rsa_alloc_wrap	16	static
../../../externals/mbedtls/library/pk_wrap.c:159:12:rsa_check_pair_wrap	8	static
../../../externals/mbedtls/library/pk_wrap.c:71:15:rsa_get_bitlen	16	static
../../../externals/mbedtls/library/pk_wrap.c:144:12:rsa_encrypt_wrap	80	static
../../../externals/mbedtls/library/pk_wrap.c:130:12:rsa_decrypt_wrap	80	static
../../../externals/mbedtls/library/pk_wrap.c:109:12:rsa_sign_wrap	96	static
../../../externals/mbedtls/library/pk_wrap.c:77:12:rsa_verify_wrap	80	static
../../../externals/mbedtls/library/pk_wrap.c:417:13:eckey_free_wrap	16	static
../../../externals/mbedtls/library/pk_wrap.c:407:14:eckey_alloc_wrap	16	static
../../../externals/mbedtls/library/pk_wrap.c:398:12:eckey_check_pair	8	static
../../../externals/mbedtls/library/pk_wrap.c:701:14:ecdsa_alloc_wrap	16	static
../../../externals/mbedtls/library/pk_wrap.c:711:13:ecdsa_free_wrap	16	static
../../../externals/mbedtls/library/pk_wrap.c:656:12:ecdsa_sign_wrap	8	static
../../../externals/mbedtls/library/pk_wrap.c:272:12:eckey_sign_wrap	464	dynamic,bounded
../../../externals/mbedtls/library/pk_wrap.c:639:12:ecdsa_verify_wrap	16	static
../../../externals/mbedtls/library/pk_wrap.c:255:12:eckey_verify_wrap	416	static
../../../externals/mbedtls/library/pk_wrap.c:858:13:rsa_alt_free_wrap	16	static
../../../externals/mbedtls/library/pk_wrap.c:816:12:rsa_alt_check_pair	1152	dynamic,bounded
