../../../externals/mbedtls/library/psa_crypto.c:613:24:psa_key_policy_algorithm_intersection	8	static
../../../externals/mbedtls/library/psa_crypto.c:716:12:psa_key_algorithm_permits	8	static
../../../externals/mbedtls/library/psa_crypto.c:5103:21:psa_tls12_prf_input	32	static
../../../externals/mbedtls/library/psa_crypto.c:2643:21:psa_sign_verify_check_alg.part.0	8	static
../../../externals/mbedtls/library/psa_crypto.c:888:21:psa_get_and_lock_key_slot_with_policy.part.0	32	static
../../../externals/mbedtls/library/psa_crypto.c:1565:21:psa_start_key_creation.constprop	64	static
../../../externals/mbedtls/library/psa_crypto.c:2298:21:psa_mac_finalize_alg_and_key_validation.isra	8	static
../../../externals/mbedtls/library/psa_crypto.c:5124:21:psa_tls12_prf_psk_to_ms_set_key	320	static
../../../externals/mbedtls/library/psa_crypto.c:888:21:psa_get_and_lock_key_slot_with_policy	48	static
../../../externals/mbedtls/library/psa_crypto.c:122:14:mbedtls_to_psa_error	8	static
../../../externals/mbedtls/library/psa_crypto.c:5311:21:psa_key_agreement_ecdh	576	static
../../../externals/mbedtls/library/psa_crypto.c:1816:21:psa_validate_optional_attributes	128	static
../../../externals/mbedtls/library/psa_crypto.c:332:22:mbedtls_ecc_group_of_psa	8	static
../../../externals/mbedtls/library/psa_crypto.c:432:14:psa_validate_unstructured_key_bit_size	8	static
../../../externals/mbedtls/library/psa_crypto.c:522:14:psa_allocate_buffer_to_slot	32	static
../../../externals/mbedtls/library/psa_crypto.c:536:14:psa_copy_key_material_into_slot	32	static
../../../externals/mbedtls/library/psa_crypto.c:549:14:psa_import_key_into_slot	32	static
../../../externals/mbedtls/library/psa_crypto.c:968:14:psa_remove_key_data_from_memory	16	static
../../../externals/mbedtls/library/psa_crypto.c:984:14:psa_wipe_key_slot	16	static
../../../externals/mbedtls/library/psa_crypto.c:1014:14:psa_destroy_key	48	static
../../../externals/mbedtls/library/psa_crypto.c:1176:14:psa_get_key_attributes	112	static
../../../externals/mbedtls/library/psa_crypto.c:1272:14:psa_export_key_internal	32	static
../../../externals/mbedtls/library/psa_crypto.c:1296:14:psa_export_key	96	static
../../../externals/mbedtls/library/psa_crypto.c:1338:14:psa_export_public_key_internal	32	static
../../../externals/mbedtls/library/psa_crypto.c:1400:14:psa_export_public_key	96	static
../../../externals/mbedtls/library/psa_crypto.c:1882:14:psa_import_key	128	dynamic,bounded
../../../externals/mbedtls/library/psa_crypto.c:1999:14:psa_copy_key	160	static
../../../externals/mbedtls/library/psa_crypto.c:2105:14:psa_hash_abort	16	static
../../../externals/mbedtls/library/psa_crypto.c:2117:14:psa_hash_setup	32	static
../../../externals/mbedtls/library/psa_crypto.c:2148:14:psa_hash_update	32	static
../../../externals/mbedtls/library/psa_crypto.c:2174:14:psa_hash_finish	32	static
../../../externals/mbedtls/library/psa_crypto.c:2189:14:psa_hash_verify	128	static
../../../externals/mbedtls/library/psa_crypto.c:2220:14:psa_hash_compute	8	static
../../../externals/mbedtls/library/psa_crypto.c:2233:14:psa_hash_compare	128	static
../../../externals/mbedtls/library/psa_crypto.c:2262:14:psa_hash_clone	32	static
../../../externals/mbedtls/library/psa_crypto.c:2284:14:psa_mac_abort	16	static
../../../externals/mbedtls/library/psa_crypto.c:2399:14:psa_mac_sign_setup	112	static
../../../externals/mbedtls/library/psa_crypto.c:2406:14:psa_mac_verify_setup	112	static
../../../externals/mbedtls/library/psa_crypto.c:2413:14:psa_mac_update	32	static
../../../externals/mbedtls/library/psa_crypto.c:2433:14:psa_mac_sign_finish	64	static
../../../externals/mbedtls/library/psa_crypto.c:4526:21:psa_key_derivation_tls12_prf_generate_next_block	544	static
../../../externals/mbedtls/library/psa_crypto.c:2493:14:psa_mac_verify_finish	32	static
../../../externals/mbedtls/library/psa_crypto.c:2591:14:psa_mac_compute	176	dynamic,bounded
../../../externals/mbedtls/library/psa_crypto.c:2604:14:psa_mac_verify	256	dynamic,bounded
../../../externals/mbedtls/library/psa_crypto.c:2796:14:psa_sign_message_builtin	160	dynamic,bounded
../../../externals/mbedtls/library/psa_crypto.c:2831:14:psa_sign_message	176	dynamic,bounded
../../../externals/mbedtls/library/psa_crypto.c:2844:14:psa_verify_message_builtin	144	dynamic,bounded
../../../externals/mbedtls/library/psa_crypto.c:2878:14:psa_verify_message	144	dynamic,bounded
../../../externals/mbedtls/library/psa_crypto.c:2890:14:psa_sign_hash_builtin	24	static
../../../externals/mbedtls/library/psa_crypto.c:2947:14:psa_sign_hash	176	dynamic,bounded
../../../externals/mbedtls/library/psa_crypto.c:2960:14:psa_verify_hash_builtin	16	static
../../../externals/mbedtls/library/psa_crypto.c:3016:14:psa_verify_hash	144	dynamic,bounded
../../../externals/mbedtls/library/psa_crypto.c:3040:14:psa_asymmetric_encrypt	112	dynamic,bounded
../../../externals/mbedtls/library/psa_crypto.c:3156:14:psa_asymmetric_decrypt	128	dynamic,bounded
../../../externals/mbedtls/library/psa_crypto.c:3345:14:psa_cipher_encrypt_setup	112	static
../../../externals/mbedtls/library/psa_crypto.c:3352:14:psa_cipher_decrypt_setup	112	static
../../../externals/mbedtls/library/psa_crypto.c:3359:14:psa_cipher_generate_iv	96	static
../../../externals/mbedtls/library/psa_crypto.c:3416:14:psa_cipher_set_iv	32	static
../../../externals/mbedtls/library/psa_crypto.c:3452:14:psa_cipher_update	32	static
../../../externals/mbedtls/library/psa_crypto.c:3487:14:psa_cipher_finish	32	static
../../../externals/mbedtls/library/psa_crypto.c:3523:14:psa_cipher_abort	16	static
../../../externals/mbedtls/library/psa_crypto.c:3542:14:psa_cipher_encrypt	224	dynamic,bounded
../../../externals/mbedtls/library/psa_crypto.c:3615:14:psa_cipher_decrypt	176	dynamic,bounded
../../../externals/mbedtls/library/psa_crypto.c:3722:14:psa_aead_encrypt	208	dynamic,bounded
../../../externals/mbedtls/library/psa_crypto.c:3772:14:psa_aead_decrypt	208	dynamic,bounded
../../../externals/mbedtls/library/psa_crypto.c:3899:14:psa_aead_encrypt_setup	112	static
../../../externals/mbedtls/library/psa_crypto.c:3907:14:psa_aead_decrypt_setup	112	static
../../../externals/mbedtls/library/psa_crypto.c:3975:14:psa_aead_set_nonce	32	static
../../../externals/mbedtls/library/psa_crypto.c:3915:14:psa_aead_generate_nonce	112	static
../../../externals/mbedtls/library/psa_crypto.c:4013:14:psa_aead_set_lengths	48	static
../../../externals/mbedtls/library/psa_crypto.c:4084:14:psa_aead_update_ad	32	static
../../../externals/mbedtls/library/psa_crypto.c:4134:14:psa_aead_update	32	static
../../../externals/mbedtls/library/psa_crypto.c:4210:14:psa_aead_finish	64	dynamic,bounded
../../../externals/mbedtls/library/psa_crypto.c:4259:14:psa_aead_verify	32	static
../../../externals/mbedtls/library/psa_crypto.c:4292:14:psa_aead_abort	16	static
../../../externals/mbedtls/library/psa_crypto.c:4363:14:psa_key_derivation_abort	32	static
../../../externals/mbedtls/library/psa_crypto.c:4424:14:psa_key_derivation_get_capacity	8	static
../../../externals/mbedtls/library/psa_crypto.c:4437:14:psa_key_derivation_set_capacity	8	static
../../../externals/mbedtls/library/psa_crypto.c:4688:14:psa_key_derivation_output_bytes	176	static
../../../externals/mbedtls/library/psa_crypto.c:4830:14:psa_key_derivation_output_key	160	dynamic,bounded
../../../externals/mbedtls/library/psa_crypto.c:4929:14:psa_key_derivation_setup	8	static
../../../externals/mbedtls/library/psa_crypto.c:5261:14:psa_key_derivation_input_bytes	144	static
../../../externals/mbedtls/library/psa_crypto.c:5272:14:psa_key_derivation_input_key	144	static
../../../externals/mbedtls/library/psa_crypto.c:5446:14:psa_key_derivation_key_agreement	240	static
../../../externals/mbedtls/library/psa_crypto.c:5480:14:psa_raw_key_agreement	96	static
../../../externals/mbedtls/library/psa_crypto.c:5590:14:psa_generate_random	48	static
../../../externals/mbedtls/library/psa_crypto.c:5732:14:psa_generate_key_internal	80	static
../../../externals/mbedtls/library/psa_crypto.c:5787:14:psa_generate_key	80	static
../../../externals/mbedtls/library/psa_crypto.c:5862:14:mbedtls_psa_crypto_configure_entropy_sources	8	static
../../../externals/mbedtls/library/psa_crypto.c:5874:6:mbedtls_psa_crypto_free	16	static
../../../externals/mbedtls/library/psa_crypto.c:5916:14:psa_crypto_init	48	static
