../../../externals/mbedtls/library/psa_crypto_driver_wrappers.c:70:14:psa_driver_wrapper_init	8	static
../../../externals/mbedtls/library/psa_crypto_driver_wrappers.c:94:6:psa_driver_wrapper_free	8	static
../../../externals/mbedtls/library/psa_crypto_driver_wrappers.c:109:14:psa_driver_wrapper_sign_message	8	static
../../../externals/mbedtls/library/psa_crypto_driver_wrappers.c:184:14:psa_driver_wrapper_verify_message	8	static
../../../externals/mbedtls/library/psa_crypto_driver_wrappers.c:255:14:psa_driver_wrapper_sign_hash	16	static
../../../externals/mbedtls/library/psa_crypto_driver_wrappers.c:339:14:psa_driver_wrapper_verify_hash	8	static
../../../externals/mbedtls/library/psa_crypto_driver_wrappers.c:433:14:psa_driver_wrapper_get_key_buffer_size_from_key_data	8	static
../../../externals/mbedtls/library/psa_crypto_driver_wrappers.c:477:14:psa_driver_wrapper_get_key_buffer_size	8	static
../../../externals/mbedtls/library/psa_crypto_driver_wrappers.c:513:14:psa_driver_wrapper_generate_key	8	static
../../../externals/mbedtls/library/psa_crypto_driver_wrappers.c:585:14:psa_driver_wrapper_import_key	8	static
../../../externals/mbedtls/library/psa_crypto_driver_wrappers.c:667:14:psa_driver_wrapper_export_key	8	static
../../../externals/mbedtls/library/psa_crypto_driver_wrappers.c:725:14:psa_driver_wrapper_export_public_key	8	static
../../../externals/mbedtls/library/psa_crypto_driver_wrappers.c:800:14:psa_driver_wrapper_get_builtin_key	8	static
../../../externals/mbedtls/library/psa_crypto_driver_wrappers.c:824:14:psa_driver_wrapper_copy_key	8	static
../../../externals/mbedtls/library/psa_crypto_driver_wrappers.c:871:14:psa_driver_wrapper_cipher_encrypt	32	static
../../../externals/mbedtls/library/psa_crypto_driver_wrappers.c:963:14:psa_driver_wrapper_cipher_decrypt	16	static
../../../externals/mbedtls/library/psa_crypto_driver_wrappers.c:1045:14:psa_driver_wrapper_cipher_encrypt_setup	16	static
../../../externals/mbedtls/library/psa_crypto_driver_wrappers.c:1118:14:psa_driver_wrapper_cipher_decrypt_setup	16	static
../../../externals/mbedtls/library/psa_crypto_driver_wrappers.c:1190:14:psa_driver_wrapper_cipher_set_iv	8	static
../../../externals/mbedtls/library/psa_crypto_driver_wrappers.c:1225:14:psa_driver_wrapper_cipher_update	8	static
../../../externals/mbedtls/library/psa_crypto_driver_wrappers.c:1271:14:psa_driver_wrapper_cipher_finish	8	static
../../../externals/mbedtls/library/psa_crypto_driver_wrappers.c:1309:14:psa_driver_wrapper_cipher_abort	8	static
../../../externals/mbedtls/library/psa_crypto_driver_wrappers.c:1349:14:psa_driver_wrapper_hash_compute	8	static
../../../externals/mbedtls/library/psa_crypto_driver_wrappers.c:1385:14:psa_driver_wrapper_hash_setup	16	static
../../../externals/mbedtls/library/psa_crypto_driver_wrappers.c:1418:14:psa_driver_wrapper_hash_clone	8	static
../../../externals/mbedtls/library/psa_crypto_driver_wrappers.c:1443:14:psa_driver_wrapper_hash_update	8	static
../../../externals/mbedtls/library/psa_crypto_driver_wrappers.c:1468:14:psa_driver_wrapper_hash_finish	8	static
../../../externals/mbedtls/library/psa_crypto_driver_wrappers.c:1495:14:psa_driver_wrapper_hash_abort	8	static
../../../externals/mbedtls/library/psa_crypto_driver_wrappers.c:1514:14:psa_driver_wrapper_aead_encrypt	48	static
../../../externals/mbedtls/library/psa_crypto_driver_wrappers.c:1566:14:psa_driver_wrapper_aead_decrypt	48	static
../../../externals/mbedtls/library/psa_crypto_driver_wrappers.c:1618:14:psa_driver_wrapper_aead_encrypt_setup	8	static
../../../externals/mbedtls/library/psa_crypto_driver_wrappers.c:1666:14:psa_driver_wrapper_aead_decrypt_setup	8	static
../../../externals/mbedtls/library/psa_crypto_driver_wrappers.c:1716:14:psa_driver_wrapper_aead_set_nonce	8	static
../../../externals/mbedtls/library/psa_crypto_driver_wrappers.c:1750:14:psa_driver_wrapper_aead_set_lengths	8	static
../../../externals/mbedtls/library/psa_crypto_driver_wrappers.c:1784:14:psa_driver_wrapper_aead_update_ad	8	static
../../../externals/mbedtls/library/psa_crypto_driver_wrappers.c:1818:14:psa_driver_wrapper_aead_update	8	static
../../../externals/mbedtls/library/psa_crypto_driver_wrappers.c:1860:14:psa_driver_wrapper_aead_finish	8	static
../../../externals/mbedtls/library/psa_crypto_driver_wrappers.c:1905:14:psa_driver_wrapper_aead_verify	96	dynamic,bounded
../../../externals/mbedtls/library/psa_crypto_driver_wrappers.c:1968:14:psa_driver_wrapper_aead_abort	8	static
../../../externals/mbedtls/library/psa_crypto_driver_wrappers.c:1997:14:psa_driver_wrapper_mac_compute	16	static
../../../externals/mbedtls/library/psa_crypto_driver_wrappers.c:2065:14:psa_driver_wrapper_mac_sign_setup	16	static
../../../externals/mbedtls/library/psa_crypto_driver_wrappers.c:2137:14:psa_driver_wrapper_mac_verify_setup	16	static
../../../externals/mbedtls/library/psa_crypto_driver_wrappers.c:2209:14:psa_driver_wrapper_mac_update	8	static
../../../externals/mbedtls/library/psa_crypto_driver_wrappers.c:2242:14:psa_driver_wrapper_mac_sign_finish	8	static
../../../externals/mbedtls/library/psa_crypto_driver_wrappers.c:2277:14:psa_driver_wrapper_mac_verify_finish	8	static
../../../externals/mbedtls/library/psa_crypto_driver_wrappers.c:2310:14:psa_driver_wrapper_mac_abort	8	static
