../../../externals/mbedtls/library/ripemd160.c:47:6:mbedtls_ripemd160_init	8	static
../../../externals/mbedtls/library/ripemd160.c:52:6:mbedtls_ripemd160_free	8	static
../../../externals/mbedtls/library/ripemd160.c:60:6:mbedtls_ripemd160_clone	8	static
../../../externals/mbedtls/library/ripemd160.c:69:5:mbedtls_ripemd160_starts	8	static
../../../externals/mbedtls/library/ripemd160.c:87:5:mbedtls_internal_ripemd160_process	272	static
../../../externals/mbedtls/library/ripemd160.c:285:5:mbedtls_ripemd160_update	48	static
../../../externals/mbedtls/library/ripemd160.c:345:5:mbedtls_ripemd160_finish	48	static
../../../externals/mbedtls/library/ripemd160.c:385:5:mbedtls_ripemd160	208	static
../../../externals/mbedtls/library/ripemd160.c:455:5:mbedtls_ripemd160_self_test	208	static
