../../../externals/mbedtls/library/rsa.c:1101:12:mgf_mask	176	static
../../../externals/mbedtls/library/rsa.c:1726:12:rsa_rsassa_pkcs1_v15_encode	80	static
../../../externals/mbedtls/library/rsa.c:2347:12:myrand	32	static
../../../externals/mbedtls/library/rsa.c:141:12:rsa_check_context.constprop	48	static
../../../externals/mbedtls/library/rsa.c:77:5:mbedtls_rsa_import	64	static
../../../externals/mbedtls/library/rsa.c:100:5:mbedtls_rsa_import_raw	48	static
../../../externals/mbedtls/library/rsa.c:229:5:mbedtls_rsa_complete	128	static
../../../externals/mbedtls/library/rsa.c:333:5:mbedtls_rsa_export_raw	144	static
../../../externals/mbedtls/library/rsa.c:381:5:mbedtls_rsa_export	96	static
../../../externals/mbedtls/library/rsa.c:426:5:mbedtls_rsa_export_crt	48	static
../../../externals/mbedtls/library/rsa.c:466:6:mbedtls_rsa_init	8	static
../../../externals/mbedtls/library/rsa.c:486:5:mbedtls_rsa_set_padding	32	static
../../../externals/mbedtls/library/rsa.c:524:8:mbedtls_rsa_get_len	8	static
../../../externals/mbedtls/library/rsa.c:658:5:mbedtls_rsa_check_pubkey	32	static
../../../externals/mbedtls/library/rsa.c:683:5:mbedtls_rsa_check_privkey	80	dynamic,bounded
../../../externals/mbedtls/library/rsa.c:538:5:mbedtls_rsa_gen_key	240	static
../../../externals/mbedtls/library/rsa.c:713:5:mbedtls_rsa_check_pub_priv	48	static
../../../externals/mbedtls/library/rsa.c:737:5:mbedtls_rsa_public	112	static
../../../externals/mbedtls/library/rsa.c:873:5:mbedtls_rsa_private	528	static
../../../externals/mbedtls/library/rsa.c:1542:12:rsa_rsassa_pss_sign	160	static
../../../externals/mbedtls/library/rsa.c:1153:5:mbedtls_rsa_rsaes_oaep_encrypt	144	static
../../../externals/mbedtls/library/rsa.c:1234:5:mbedtls_rsa_rsaes_pkcs1_v15_encrypt	96	static
../../../externals/mbedtls/library/rsa.c:1289:5:mbedtls_rsa_pkcs1_encrypt	32	dynamic,bounded
../../../externals/mbedtls/library/rsa.c:1323:5:mbedtls_rsa_rsaes_oaep_decrypt	1280	static
../../../externals/mbedtls/library/rsa.c:1465:5:mbedtls_rsa_rsaes_pkcs1_v15_decrypt	1072	static
../../../externals/mbedtls/library/rsa.c:1508:5:mbedtls_rsa_pkcs1_decrypt	48	dynamic,bounded
../../../externals/mbedtls/library/rsa.c:1674:5:mbedtls_rsa_rsassa_pss_sign_ext	8	static
../../../externals/mbedtls/library/rsa.c:1691:5:mbedtls_rsa_rsassa_pss_sign	160	static
../../../externals/mbedtls/library/rsa.c:1842:5:mbedtls_rsa_rsassa_pkcs1_v15_sign	64	static
../../../externals/mbedtls/library/rsa.c:1913:5:mbedtls_rsa_pkcs1_sign	80	dynamic,bounded
../../../externals/mbedtls/library/rsa.c:1950:5:mbedtls_rsa_rsassa_pss_verify_ext	1232	static
../../../externals/mbedtls/library/rsa.c:2091:5:mbedtls_rsa_rsassa_pss_verify	32	dynamic,bounded
../../../externals/mbedtls/library/rsa.c:2121:5:mbedtls_rsa_rsassa_pkcs1_v15_verify	80	static
../../../externals/mbedtls/library/rsa.c:2194:5:mbedtls_rsa_pkcs1_verify	32	dynamic,bounded
../../../externals/mbedtls/library/rsa.c:2228:5:mbedtls_rsa_copy	144	static
../../../externals/mbedtls/library/rsa.c:2269:6:mbedtls_rsa_free	16	static
../../../externals/mbedtls/library/rsa.c:2371:5:mbedtls_rsa_self_test	752	dynamic,bounded
