../../../externals/mbedtls/library/sha1.c:51:6:mbedtls_sha1_init	8	static
../../../externals/mbedtls/library/sha1.c:58:6:mbedtls_sha1_free	8	static
../../../externals/mbedtls/library/sha1.c:66:6:mbedtls_sha1_clone	8	static
../../../externals/mbedtls/library/sha1.c:78:5:mbedtls_sha1_starts	8	static
../../../externals/mbedtls/library/sha1.c:95:5:mbedtls_internal_sha1_process	240	static
../../../externals/mbedtls/library/sha1.c:272:5:mbedtls_sha1_update	48	static
../../../externals/mbedtls/library/sha1.c:325:5:mbedtls_sha1_finish	32	static
../../../externals/mbedtls/library/sha1.c:388:5:mbedtls_sha1	192	static
../../../externals/mbedtls/library/sha1.c:444:5:mbedtls_sha1_self_test	1264	static
