../../../externals/mbedtls/library/ssl_msg.c:4913:12:ssl_check_ctr_renegotiate	48	static
../../../externals/mbedtls/library/ssl_msg.c:1920:12:ssl_swap_epochs	16	static
../../../externals/mbedtls/library/ssl_msg.c:3123:12:ssl_parse_record_header	112	dynamic,bounded
../../../externals/mbedtls/library/ssl_msg.c:63:6:mbedtls_ssl_set_timer	32	static
../../../externals/mbedtls/library/ssl_msg.c:75:5:mbedtls_ssl_check_timer	16	static
../../../externals/mbedtls/library/ssl_msg.c:519:5:mbedtls_ssl_encrypt_buf	272	dynamic,bounded
../../../externals/mbedtls/library/ssl_msg.c:995:5:mbedtls_ssl_decrypt_buf	336	dynamic,bounded
../../../externals/mbedtls/library/ssl_msg.c:94:5:mbedtls_ssl_check_record	128	dynamic,bounded
../../../externals/mbedtls/library/ssl_msg.c:1784:5:mbedtls_ssl_flush_output	64	dynamic,bounded
../../../externals/mbedtls/library/ssl_msg.c:1901:6:mbedtls_ssl_flight_free	32	static
../../../externals/mbedtls/library/ssl_msg.c:2139:6:mbedtls_ssl_recv_flight_completed	32	static
../../../externals/mbedtls/library/ssl_msg.c:2170:6:mbedtls_ssl_send_flight_completed	32	static
../../../externals/mbedtls/library/ssl_msg.c:2363:5:mbedtls_ssl_write_record	160	dynamic,bounded
../../../externals/mbedtls/library/ssl_msg.c:2211:5:mbedtls_ssl_write_handshake_msg_ext	96	dynamic,bounded
../../../externals/mbedtls/library/ssl_msg.c:1974:5:mbedtls_ssl_flight_transmit	96	dynamic,bounded
../../../externals/mbedtls/library/ssl_msg.c:1954:5:mbedtls_ssl_resend	32	static
../../../externals/mbedtls/library/ssl_msg.c:1563:5:mbedtls_ssl_fetch_input	80	dynamic,bounded
../../../externals/mbedtls/library/ssl_msg.c:2651:5:mbedtls_ssl_prepare_handshake_record	48	dynamic,bounded
../../../externals/mbedtls/library/ssl_msg.c:2743:6:mbedtls_ssl_update_handshake_status	32	static
../../../externals/mbedtls/library/ssl_msg.c:2795:6:mbedtls_ssl_dtls_replay_reset	8	static
../../../externals/mbedtls/library/ssl_msg.c:2833:5:mbedtls_ssl_dtls_replay_check	8	static
../../../externals/mbedtls/library/ssl_msg.c:2858:6:mbedtls_ssl_dtls_replay_update	8	static
../../../externals/mbedtls/library/ssl_msg.c:4411:5:mbedtls_ssl_handle_message_type	48	dynamic,bounded
../../../externals/mbedtls/library/ssl_msg.c:4547:5:mbedtls_ssl_send_fatal_handshake_failure	48	dynamic,bounded
../../../externals/mbedtls/library/ssl_msg.c:4554:5:mbedtls_ssl_send_alert_message	64	dynamic,bounded
../../../externals/mbedtls/library/ssl_msg.c:3541:5:mbedtls_ssl_read_record	224	dynamic,bounded
../../../externals/mbedtls/library/ssl_msg.c:4581:5:mbedtls_ssl_write_change_cipher_spec	32	static
../../../externals/mbedtls/library/ssl_msg.c:4604:5:mbedtls_ssl_parse_change_cipher_spec	32	static
../../../externals/mbedtls/library/ssl_msg.c:4681:6:mbedtls_ssl_update_out_pointers	8	static
../../../externals/mbedtls/library/ssl_msg.c:4722:6:mbedtls_ssl_update_in_pointers	8	static
../../../externals/mbedtls/library/ssl_msg.c:4769:6:mbedtls_ssl_reset_in_out_pointers	8	static
../../../externals/mbedtls/library/ssl_msg.c:4794:8:mbedtls_ssl_get_bytes_avail	8	static
../../../externals/mbedtls/library/ssl_msg.c:4799:5:mbedtls_ssl_check_pending	16	static
../../../externals/mbedtls/library/ssl_msg.c:4855:5:mbedtls_ssl_get_record_expansion	16	static
../../../externals/mbedtls/library/ssl_msg.c:5050:5:mbedtls_ssl_read	80	static
../../../externals/mbedtls/library/ssl_msg.c:5335:5:mbedtls_ssl_write	64	dynamic,bounded
../../../externals/mbedtls/library/ssl_msg.c:5371:5:mbedtls_ssl_close_notify	48	static
../../../externals/mbedtls/library/ssl_msg.c:5399:6:mbedtls_ssl_transform_free	16	static
../../../externals/mbedtls/library/ssl_msg.c:5415:6:mbedtls_ssl_set_inbound_transform	8	static
../../../externals/mbedtls/library/ssl_msg.c:5422:6:mbedtls_ssl_set_outbound_transform	8	static
../../../externals/mbedtls/library/ssl_msg.c:5431:6:mbedtls_ssl_buffering_free	32	static
../../../externals/mbedtls/library/ssl_msg.c:5473:6:mbedtls_ssl_write_version	8	static
../../../externals/mbedtls/library/ssl_msg.c:5495:6:mbedtls_ssl_read_version	8	static
../../../externals/mbedtls/library/ssl_msg.c:5523:5:mbedtls_ssl_handle_pending_alert	80	dynamic,bounded
../../../externals/mbedtls/library/ssl_msg.c:5552:6:mbedtls_ssl_pend_fatal_alert	8	static
