../../../externals/mbedtls/library/ssl_tls.c:3158:12:ssl_cookie_write_dummy	8	static
../../../externals/mbedtls/library/ssl_tls.c:3171:12:ssl_cookie_check_dummy	8	static
../../../externals/mbedtls/library/ssl_tls.c:4867:12:ssl_session_save	80	static
../../../externals/mbedtls/library/ssl_tls.c:462:12:tls_prf_generic	208	static
../../../externals/mbedtls/library/ssl_tls.c:553:12:tls_prf_sha256	32	dynamic,bounded
../../../externals/mbedtls/library/ssl_tls.c:564:12:tls_prf_sha384	32	dynamic,bounded
../../../externals/mbedtls/library/ssl_tls.c:2521:13:ssl_calc_finished_tls_sha256	240	dynamic,bounded
../../../externals/mbedtls/library/ssl_tls.c:1358:6:ssl_calc_verify_tls_sha256	176	dynamic,bounded
../../../externals/mbedtls/library/ssl_tls.c:2598:13:ssl_calc_finished_tls_sha384	368	dynamic,bounded
../../../externals/mbedtls/library/ssl_tls.c:1407:6:ssl_calc_verify_tls_sha384	288	dynamic,bounded
../../../externals/mbedtls/library/ssl_tls.c:689:12:ssl_tls12_populate_transform	416	dynamic,bounded
../../../externals/mbedtls/library/ssl_tls.c:5140:12:ssl_session_load	64	static
../../../externals/mbedtls/library/ssl_tls.c:2495:13:ssl_update_checksum_sha256	8	static
../../../externals/mbedtls/library/ssl_tls.c:2507:13:ssl_update_checksum_sha384	8	static
../../../externals/mbedtls/library/ssl_tls.c:2472:13:ssl_update_checksum_start	32	static
../../../externals/mbedtls/library/ssl_tls.c:181:5:mbedtls_ssl_session_copy	48	static
../../../externals/mbedtls/library/ssl_tls.c:634:6:mbedtls_ssl_tls_prf	8	static
../../../externals/mbedtls/library/ssl_tls.c:1288:5:mbedtls_ssl_derive_keys	160	dynamic,bounded
../../../externals/mbedtls/library/ssl_tls.c:1457:5:mbedtls_ssl_psk_derive_premaster	96	static
../../../externals/mbedtls/library/ssl_tls.c:1586:5:mbedtls_ssl_resend_hello_request	48	static
../../../externals/mbedtls/library/ssl_tls.c:1680:5:mbedtls_ssl_write_certificate	96	dynamic,bounded
../../../externals/mbedtls/library/ssl_tls.c:2277:5:mbedtls_ssl_parse_certificate	144	dynamic,bounded
../../../externals/mbedtls/library/ssl_tls.c:2427:6:mbedtls_ssl_optimize_checksum	8	static
../../../externals/mbedtls/library/ssl_tls.c:2450:6:mbedtls_ssl_reset_checksum	16	static
../../../externals/mbedtls/library/ssl_tls.c:2763:5:mbedtls_ssl_write_finished	48	static
../../../externals/mbedtls/library/ssl_tls.c:2874:5:mbedtls_ssl_parse_finished	64	static
../../../externals/mbedtls/library/ssl_tls.c:3017:6:mbedtls_ssl_transform_init	16	static
../../../externals/mbedtls/library/ssl_tls.c:3030:6:mbedtls_ssl_session_init	8	static
../../../externals/mbedtls/library/ssl_tls.c:3188:6:mbedtls_ssl_init	8	static
../../../externals/mbedtls/library/ssl_tls.c:3453:6:mbedtls_ssl_conf_endpoint	8	static
../../../externals/mbedtls/library/ssl_tls.c:3458:6:mbedtls_ssl_conf_transport	8	static
../../../externals/mbedtls/library/ssl_tls.c:3464:6:mbedtls_ssl_conf_dtls_anti_replay	8	static
../../../externals/mbedtls/library/ssl_tls.c:3470:6:mbedtls_ssl_conf_dtls_badmac_limit	8	static
../../../externals/mbedtls/library/ssl_tls.c:3477:6:mbedtls_ssl_set_datagram_packing	8	static
../../../externals/mbedtls/library/ssl_tls.c:3483:6:mbedtls_ssl_conf_handshake_timeout	8	static
../../../externals/mbedtls/library/ssl_tls.c:3491:6:mbedtls_ssl_conf_authmode	8	static
../../../externals/mbedtls/library/ssl_tls.c:3497:6:mbedtls_ssl_conf_verify	8	static
../../../externals/mbedtls/library/ssl_tls.c:3506:6:mbedtls_ssl_conf_rng	8	static
../../../externals/mbedtls/library/ssl_tls.c:3514:6:mbedtls_ssl_conf_dbg	8	static
../../../externals/mbedtls/library/ssl_tls.c:3522:6:mbedtls_ssl_set_bio	8	static
../../../externals/mbedtls/library/ssl_tls.c:3535:6:mbedtls_ssl_set_mtu	8	static
../../../externals/mbedtls/library/ssl_tls.c:3541:6:mbedtls_ssl_conf_read_timeout	8	static
../../../externals/mbedtls/library/ssl_tls.c:3546:6:mbedtls_ssl_set_timer_cb	8	static
../../../externals/mbedtls/library/ssl_tls.c:3560:6:mbedtls_ssl_conf_session_cache	8	static
../../../externals/mbedtls/library/ssl_tls.c:3572:5:mbedtls_ssl_set_session	16	static
../../../externals/mbedtls/library/ssl_tls.c:3597:6:mbedtls_ssl_conf_ciphersuites	8	static
../../../externals/mbedtls/library/ssl_tls.c:3612:6:mbedtls_ssl_conf_cert_profile	8	static
../../../externals/mbedtls/library/ssl_tls.c:3649:5:mbedtls_ssl_conf_own_cert	32	static
../../../externals/mbedtls/library/ssl_tls.c:3656:6:mbedtls_ssl_conf_ca_chain	8	static
../../../externals/mbedtls/library/ssl_tls.c:3688:5:mbedtls_ssl_set_hs_own_cert	32	static
../../../externals/mbedtls/library/ssl_tls.c:3696:6:mbedtls_ssl_set_hs_ca_chain	8	static
../../../externals/mbedtls/library/ssl_tls.c:3704:6:mbedtls_ssl_set_hs_authmode	8	static
../../../externals/mbedtls/library/ssl_tls.c:3712:6:mbedtls_ssl_set_verify	8	static
../../../externals/mbedtls/library/ssl_tls.c:3822:5:mbedtls_ssl_conf_psk	80	static
../../../externals/mbedtls/library/ssl_tls.c:3871:5:mbedtls_ssl_set_hs_psk	48	static
../../../externals/mbedtls/library/ssl_tls.c:3930:6:mbedtls_ssl_conf_psk_cb	8	static
../../../externals/mbedtls/library/ssl_tls.c:3941:5:mbedtls_ssl_conf_dh_param_bin	48	static
../../../externals/mbedtls/library/ssl_tls.c:3958:5:mbedtls_ssl_conf_dh_param_ctx	48	static
../../../externals/mbedtls/library/ssl_tls.c:3980:6:mbedtls_ssl_conf_dhm_min_bitlen	8	static
../../../externals/mbedtls/library/ssl_tls.c:3991:6:mbedtls_ssl_conf_sig_hashes	8	static
../../../externals/mbedtls/library/ssl_tls.c:4017:6:mbedtls_ssl_conf_curves	8	static
../../../externals/mbedtls/library/ssl_tls.c:4029:6:mbedtls_ssl_conf_groups	8	static
../../../externals/mbedtls/library/ssl_tls.c:4039:5:mbedtls_ssl_set_hostname	48	static
../../../externals/mbedtls/library/ssl_tls.c:4085:6:mbedtls_ssl_conf_sni	8	static
../../../externals/mbedtls/library/ssl_tls.c:4096:5:mbedtls_ssl_conf_alpn_protocols	48	static
../../../externals/mbedtls/library/ssl_tls.c:4123:13:mbedtls_ssl_get_alpn_protocol	8	static
../../../externals/mbedtls/library/ssl_tls.c:4209:6:mbedtls_ssl_conf_max_version	8	static
../../../externals/mbedtls/library/ssl_tls.c:4215:6:mbedtls_ssl_conf_min_version	8	static
../../../externals/mbedtls/library/ssl_tls.c:4222:6:mbedtls_ssl_conf_cert_req_ca_list	8	static
../../../externals/mbedtls/library/ssl_tls.c:4230:6:mbedtls_ssl_conf_encrypt_then_mac	8	static
../../../externals/mbedtls/library/ssl_tls.c:4237:6:mbedtls_ssl_conf_extended_master_secret	8	static
../../../externals/mbedtls/library/ssl_tls.c:4244:5:mbedtls_ssl_conf_max_frag_len	8	static
../../../externals/mbedtls/library/ssl_tls.c:4258:6:mbedtls_ssl_conf_legacy_renegotiation	8	static
../../../externals/mbedtls/library/ssl_tls.c:4264:6:mbedtls_ssl_conf_renegotiation	8	static
../../../externals/mbedtls/library/ssl_tls.c:4269:6:mbedtls_ssl_conf_renegotiation_enforced	8	static
../../../externals/mbedtls/library/ssl_tls.c:4274:6:mbedtls_ssl_conf_renegotiation_period	8	static
../../../externals/mbedtls/library/ssl_tls.c:4283:6:mbedtls_ssl_conf_session_tickets	8	static
../../../externals/mbedtls/library/ssl_tls.c:4290:6:mbedtls_ssl_conf_session_tickets_cb	8	static
../../../externals/mbedtls/library/ssl_tls.c:4302:6:mbedtls_ssl_set_export_keys_cb	8	static
../../../externals/mbedtls/library/ssl_tls.c:4350:10:mbedtls_ssl_get_verify_result	8	static
../../../externals/mbedtls/library/ssl_tls.c:4361:13:mbedtls_ssl_get_ciphersuite	8	static
../../../externals/mbedtls/library/ssl_tls.c:4369:13:mbedtls_ssl_get_version	8	static
../../../externals/mbedtls/library/ssl_tls.c:4396:8:mbedtls_ssl_get_input_max_frag_len	8	static
../../../externals/mbedtls/library/ssl_tls.c:4431:8:mbedtls_ssl_get_output_max_frag_len	8	static
../../../externals/mbedtls/library/ssl_tls.c:4459:8:mbedtls_ssl_get_current_mtu	8	static
../../../externals/mbedtls/library/ssl_tls.c:4478:5:mbedtls_ssl_get_max_out_record_payload	32	static
../../../externals/mbedtls/library/ssl_tls.c:4523:5:mbedtls_ssl_get_max_in_record_payload	8	static
../../../externals/mbedtls/library/ssl_tls.c:4542:25:mbedtls_ssl_get_peer_cert	8	static
../../../externals/mbedtls/library/ssl_tls.c:4556:5:mbedtls_ssl_get_session	16	static
../../../externals/mbedtls/library/ssl_tls.c:4927:5:mbedtls_ssl_session_save	64	static
../../../externals/mbedtls/library/ssl_tls.c:5191:5:mbedtls_ssl_session_load	32	static
../../../externals/mbedtls/library/ssl_tls.c:5225:5:mbedtls_ssl_handshake_step	32	static
../../../externals/mbedtls/library/ssl_tls.c:5293:5:mbedtls_ssl_handshake	32	static
../../../externals/mbedtls/library/ssl_tls.c:5472:6:mbedtls_ssl_handshake_free	32	static
../../../externals/mbedtls/library/ssl_tls.c:2673:6:mbedtls_ssl_handshake_wrapup_free_hs_transform	32	static
../../../externals/mbedtls/library/ssl_tls.c:6236:6:mbedtls_ssl_free.part.0	32	static
../../../externals/mbedtls/library/ssl_tls.c:3035:12:ssl_handshake_init	48	static
../../../externals/mbedtls/library/ssl_tls.c:3244:5:mbedtls_ssl_setup	48	static
../../../externals/mbedtls/library/ssl_tls.c:3392:5:mbedtls_ssl_session_reset_int	32	static
../../../externals/mbedtls/library/ssl_tls.c:3445:5:mbedtls_ssl_session_reset	8	static
../../../externals/mbedtls/library/ssl_tls.c:5364:5:mbedtls_ssl_start_renegotiation	32	static
../../../externals/mbedtls/library/ssl_tls.c:5404:5:mbedtls_ssl_renegotiate	48	static
../../../externals/mbedtls/library/ssl_tls.c:2698:6:mbedtls_ssl_handshake_wrapup	48	static
../../../externals/mbedtls/library/ssl_tls.c:5607:6:mbedtls_ssl_session_free	16	static
../../../externals/mbedtls/library/ssl_tls.c:5707:5:mbedtls_ssl_context_save	112	dynamic,bounded
../../../externals/mbedtls/library/ssl_tls.c:6220:5:mbedtls_ssl_context_load	112	dynamic,bounded
../../../externals/mbedtls/library/ssl_tls.c:6236:6:mbedtls_ssl_free	8	static
../../../externals/mbedtls/library/ssl_tls.c:6318:6:mbedtls_ssl_config_init	8	static
../../../externals/mbedtls/library/ssl_tls.c:6449:5:mbedtls_ssl_config_defaults	336	static
../../../externals/mbedtls/library/ssl_tls.c:6612:6:mbedtls_ssl_config_free	32	static
../../../externals/mbedtls/library/ssl_tls.c:6649:15:mbedtls_ssl_sig_from_pk	16	static
../../../externals/mbedtls/library/ssl_tls.c:6662:15:mbedtls_ssl_sig_from_pk_alg	8	static
../../../externals/mbedtls/library/ssl_tls.c:6675:19:mbedtls_ssl_pk_alg_from_sig	8	static
../../../externals/mbedtls/library/ssl_tls.c:6697:19:mbedtls_ssl_sig_hash_set_find	8	static
../../../externals/mbedtls/library/ssl_tls.c:6712:6:mbedtls_ssl_sig_hash_set_add	8	static
../../../externals/mbedtls/library/ssl_tls.c:6734:6:mbedtls_ssl_sig_hash_set_const_hash	8	static
../../../externals/mbedtls/library/ssl_tls.c:6747:19:mbedtls_ssl_md_alg_from_hash	8	static
../../../externals/mbedtls/library/ssl_tls.c:6783:15:mbedtls_ssl_hash_from_md_alg	8	static
../../../externals/mbedtls/library/ssl_tls.c:6821:5:mbedtls_ssl_check_curve	16	static
../../../externals/mbedtls/library/ssl_tls.c:6844:5:mbedtls_ssl_check_sig_hash	8	static
../../../externals/mbedtls/library/ssl_tls.c:6861:5:mbedtls_ssl_check_cert_usage	32	static
../../../externals/mbedtls/library/ssl_tls.c:6934:5:mbedtls_ssl_set_calc_verify_md	8	static
../../../externals/mbedtls/library/ssl_tls.c:7030:5:mbedtls_ssl_get_key_exchange_md_tls1_2	112	static
../../../externals/mbedtls/library/ssl_tls.c:7166:5:mbedtls_ssl_get_handshake_transcript	272	static
