../../../externals/mbedtls/library/ssl_ticket.c:69:12:ssl_ticket_gen_key	80	static
../../../externals/mbedtls/library/ssl_ticket.c:42:6:mbedtls_ssl_ticket_init	8	static
../../../externals/mbedtls/library/ssl_ticket.c:127:5:mbedtls_ssl_ticket_setup	32	static
../../../externals/mbedtls/library/ssl_ticket.c:196:5:mbedtls_ssl_ticket_write	160	dynamic,bounded
../../../externals/mbedtls/library/ssl_ticket.c:295:5:mbedtls_ssl_ticket_parse	128	dynamic,bounded
../../../externals/mbedtls/library/ssl_ticket.c:390:6:mbedtls_ssl_ticket_free	16	static
