../../../externals/mbedtls/library/x509_crt.c:349:12:x509_name_cmp	48	static
../../../externals/mbedtls/library/x509_crt.c:2980:12:x509_crt_check_cn	32	static
../../../externals/mbedtls/library/x509_crt.c:3268:6:mbedtls_x509_crt_free.part.0	48	static
../../../externals/mbedtls/library/x509_crt.c:3021:13:x509_crt_verify_name.constprop	48	static
../../../externals/mbedtls/library/x509_crt.c:2420:12:x509_crt_check_signature.constprop	128	dynamic,bounded
../../../externals/mbedtls/library/x509_crt.c:2334:12:x509_crt_verifycrl	192	dynamic,bounded
../../../externals/mbedtls/library/x509_crt.c:3102:12:x509_crt_verify_restartable_ca_cb.constprop	320	static
../../../externals/mbedtls/library/x509_crt.c:1782:5:mbedtls_x509_parse_subject_alt_name	144	static
../../../externals/mbedtls/library/x509_crt.c:1085:12:x509_crt_parse_der_core	416	static
../../../externals/mbedtls/library/x509_crt.c:1348:12:mbedtls_x509_crt_parse_der_internal.part.0	96	static
../../../externals/mbedtls/library/x509_crt.c:1428:5:mbedtls_x509_crt_parse	160	dynamic,bounded
../../../externals/mbedtls/library/x509_crt.c:1545:5:mbedtls_x509_crt_parse_file	48	static
../../../externals/mbedtls/library/x509_crt.c:1562:5:mbedtls_x509_crt_parse_path	752	static
../../../externals/mbedtls/library/x509_crt.c:1417:5:mbedtls_x509_crt_parse_der	80	static
../../../externals/mbedtls/library/x509_crt.c:1400:5:mbedtls_x509_crt_parse_der_nocopy	80	static
../../../externals/mbedtls/library/x509_crt.c:1407:5:mbedtls_x509_crt_parse_der_with_ext_cb	96	static
../../../externals/mbedtls/library/x509_crt.c:2071:5:mbedtls_x509_crt_info	240	dynamic,bounded
../../../externals/mbedtls/library/x509_crt.c:2226:5:mbedtls_x509_crt_verify_info	80	static
../../../externals/mbedtls/library/x509_crt.c:2255:5:mbedtls_x509_crt_check_key_usage	8	static
../../../externals/mbedtls/library/x509_crt.c:2278:5:mbedtls_x509_crt_check_extended_key_usage	48	static
../../../externals/mbedtls/library/x509_crt.c:2312:5:mbedtls_x509_crt_is_revoked	32	static
../../../externals/mbedtls/library/x509_crt.c:3190:5:mbedtls_x509_crt_verify	32	dynamic,bounded
../../../externals/mbedtls/library/x509_crt.c:3207:5:mbedtls_x509_crt_verify_with_profile	8	static
../../../externals/mbedtls/library/x509_crt.c:3241:5:mbedtls_x509_crt_verify_restartable	320	static
../../../externals/mbedtls/library/x509_crt.c:3260:6:mbedtls_x509_crt_init	8	static
../../../externals/mbedtls/library/x509_crt.c:3268:6:mbedtls_x509_crt_free	8	static
