../../../externals/mbedtls/library/x509_crl.c:710:6:mbedtls_x509_crl_free.part.0	48	static
../../../externals/mbedtls/library/x509_crl.c:295:5:mbedtls_x509_crl_parse_der	240	static
../../../externals/mbedtls/library/x509_crl.c:534:5:mbedtls_x509_crl_parse	128	dynamic,bounded
../../../externals/mbedtls/library/x509_crl.c:599:5:mbedtls_x509_crl_parse_file	48	static
../../../externals/mbedtls/library/x509_crl.c:626:5:mbedtls_x509_crl_info	112	dynamic,bounded
../../../externals/mbedtls/library/x509_crl.c:702:6:mbedtls_x509_crl_init	8	static
../../../externals/mbedtls/library/x509_crl.c:710:6:mbedtls_x509_crl_free	8	static
