../../../externals/mbedtls/library/x509write_crt.c:293:12:x509_write_time.constprop	48	static
../../../externals/mbedtls/library/x509write_crt.c:43:6:mbedtls_x509write_crt_init	16	static
../../../externals/mbedtls/library/x509write_crt.c:51:6:mbedtls_x509write_crt_free	16	static
../../../externals/mbedtls/library/x509write_crt.c:62:6:mbedtls_x509write_crt_set_version	8	static
../../../externals/mbedtls/library/x509write_crt.c:68:6:mbedtls_x509write_crt_set_md_alg	8	static
../../../externals/mbedtls/library/x509write_crt.c:74:6:mbedtls_x509write_crt_set_subject_key	8	static
../../../externals/mbedtls/library/x509write_crt.c:80:6:mbedtls_x509write_crt_set_issuer_key	8	static
../../../externals/mbedtls/library/x509write_crt.c:86:5:mbedtls_x509write_crt_set_subject_name	8	static
../../../externals/mbedtls/library/x509write_crt.c:92:5:mbedtls_x509write_crt_set_issuer_name	8	static
../../../externals/mbedtls/library/x509write_crt.c:98:5:mbedtls_x509write_crt_set_serial	8	static
../../../externals/mbedtls/library/x509write_crt.c:109:5:mbedtls_x509write_crt_set_validity	32	static
../../../externals/mbedtls/library/x509write_crt.c:126:5:mbedtls_x509write_crt_set_extension	8	static
../../../externals/mbedtls/library/x509write_crt.c:135:5:mbedtls_x509write_crt_set_basic_constraints	96	static
../../../externals/mbedtls/library/x509write_crt.c:170:5:mbedtls_x509write_crt_set_subject_key_identifier	2160	static
../../../externals/mbedtls/library/x509write_crt.c:198:5:mbedtls_x509write_crt_set_authority_key_identifier	2160	static
../../../externals/mbedtls/library/x509write_crt.c:233:5:mbedtls_x509write_crt_set_key_usage	32	static
../../../externals/mbedtls/library/x509write_crt.c:271:5:mbedtls_x509write_crt_set_ns_cert_type	48	static
../../../externals/mbedtls/library/x509write_crt.c:324:5:mbedtls_x509write_crt_der	1296	dynamic,bounded
../../../externals/mbedtls/library/x509write_crt.c:518:5:mbedtls_x509write_crt_pem	64	dynamic,bounded
