../../../externals/zcbor/src/zcbor_encode.c:88:13:value_encode	32	static
../../../externals/zcbor/src/zcbor_encode.c:104:6:zcbor_int_encode	32	static
../../../externals/zcbor/src/zcbor_encode.c:140:6:zcbor_uint_encode	32	static
../../../externals/zcbor/src/zcbor_encode.c:150:6:zcbor_int32_encode	48	static
../../../externals/zcbor/src/zcbor_encode.c:156:6:zcbor_int64_encode	48	static
../../../externals/zcbor/src/zcbor_encode.c:162:6:zcbor_uint32_encode	32	static
../../../externals/zcbor/src/zcbor_encode.c:168:6:zcbor_uint64_encode	32	static
../../../externals/zcbor/src/zcbor_encode.c:174:6:zcbor_int32_put	64	static
../../../externals/zcbor/src/zcbor_encode.c:180:6:zcbor_int64_put	64	static
../../../externals/zcbor/src/zcbor_encode.c:186:6:zcbor_uint32_put	48	static
../../../externals/zcbor/src/zcbor_encode.c:192:6:zcbor_uint64_put	48	static
../../../externals/zcbor/src/zcbor_encode.c:199:6:zcbor_size_put	48	static
../../../externals/zcbor/src/zcbor_encode.c:205:6:zcbor_size_encode	32	static
../../../externals/zcbor/src/zcbor_encode.c:236:6:zcbor_bstr_start_encode	48	static
../../../externals/zcbor/src/zcbor_encode.c:252:6:zcbor_bstr_end_encode	80	static
../../../externals/zcbor/src/zcbor_encode.c:299:6:zcbor_bstr_encode	32	static
../../../externals/zcbor/src/zcbor_encode.c:305:6:zcbor_tstr_encode	32	static
../../../externals/zcbor/src/zcbor_encode.c:311:6:zcbor_bstr_encode_ptr	48	static
../../../externals/zcbor/src/zcbor_encode.c:319:6:zcbor_tstr_encode_ptr	48	static
../../../externals/zcbor/src/zcbor_encode.c:327:6:zcbor_bstr_put_term	48	static
../../../externals/zcbor/src/zcbor_encode.c:333:6:zcbor_tstr_put_term	48	static
../../../externals/zcbor/src/zcbor_encode.c:363:6:zcbor_list_start_encode	48	static
../../../externals/zcbor/src/zcbor_encode.c:369:6:zcbor_map_start_encode	48	static
../../../externals/zcbor/src/zcbor_encode.c:430:6:zcbor_list_end_encode	64	static
../../../externals/zcbor/src/zcbor_encode.c:436:6:zcbor_map_end_encode	64	static
../../../externals/zcbor/src/zcbor_encode.c:442:6:zcbor_list_map_end_force_encode	8	static
../../../externals/zcbor/src/zcbor_encode.c:455:6:zcbor_simple_encode	32	static
../../../externals/zcbor/src/zcbor_encode.c:465:6:zcbor_simple_put	48	static
../../../externals/zcbor/src/zcbor_encode.c:471:6:zcbor_nil_put	48	static
../../../externals/zcbor/src/zcbor_encode.c:478:6:zcbor_undefined_put	48	static
../../../externals/zcbor/src/zcbor_encode.c:485:6:zcbor_bool_encode	48	static
../../../externals/zcbor/src/zcbor_encode.c:491:6:zcbor_bool_put	48	static
../../../externals/zcbor/src/zcbor_encode.c:497:6:zcbor_float64_encode	8	static
../../../externals/zcbor/src/zcbor_encode.c:508:6:zcbor_float64_put	16	static
../../../externals/zcbor/src/zcbor_encode.c:514:6:zcbor_float32_encode	8	static
../../../externals/zcbor/src/zcbor_encode.c:525:6:zcbor_float32_put	16	static
../../../externals/zcbor/src/zcbor_encode.c:531:6:zcbor_float16_encode	16	static
../../../externals/zcbor/src/zcbor_encode.c:537:6:zcbor_float16_put	16	static
../../../externals/zcbor/src/zcbor_encode.c:543:6:zcbor_float16_bytes_encode	8	static
../../../externals/zcbor/src/zcbor_encode.c:554:6:zcbor_float16_bytes_put	8	static
../../../externals/zcbor/src/zcbor_encode.c:560:6:zcbor_tag_put	48	static
../../../externals/zcbor/src/zcbor_encode.c:571:6:zcbor_tag_encode	48	static
../../../externals/zcbor/src/zcbor_encode.c:577:6:zcbor_multi_encode_minmax	64	static
../../../externals/zcbor/src/zcbor_encode.c:590:6:zcbor_multi_encode	64	static
../../../externals/zcbor/src/zcbor_encode.c:604:6:zcbor_new_encode_state	32	dynamic,bounded
