../../../externals/zcbor/src/zcbor_decode.c:124:13:value_extract	48	static
../../../externals/zcbor/src/zcbor_decode.c:164:6:zcbor_int_decode	80	static
../../../externals/zcbor/src/zcbor_decode.c:202:6:zcbor_int32_decode	48	static
../../../externals/zcbor/src/zcbor_decode.c:209:6:zcbor_int64_decode	48	static
../../../externals/zcbor/src/zcbor_decode.c:216:6:zcbor_uint_decode	48	static
../../../externals/zcbor/src/zcbor_decode.c:229:6:zcbor_uint32_decode	32	static
../../../externals/zcbor/src/zcbor_decode.c:236:6:zcbor_int32_expect_union	48	static
../../../externals/zcbor/src/zcbor_decode.c:246:6:zcbor_int64_expect_union	48	static
../../../externals/zcbor/src/zcbor_decode.c:256:6:zcbor_uint32_expect_union	48	static
../../../externals/zcbor/src/zcbor_decode.c:266:6:zcbor_uint64_expect_union	48	static
../../../externals/zcbor/src/zcbor_decode.c:276:6:zcbor_int32_expect	64	static
../../../externals/zcbor/src/zcbor_decode.c:283:6:zcbor_int32_pexpect	64	static
../../../externals/zcbor/src/zcbor_decode.c:290:6:zcbor_int64_expect	64	static
../../../externals/zcbor/src/zcbor_decode.c:307:6:zcbor_int64_pexpect	64	static
../../../externals/zcbor/src/zcbor_decode.c:314:6:zcbor_uint64_decode	32	static
../../../externals/zcbor/src/zcbor_decode.c:322:6:zcbor_size_decode	32	static
../../../externals/zcbor/src/zcbor_decode.c:330:6:zcbor_uint32_expect	48	static
../../../externals/zcbor/src/zcbor_decode.c:337:6:zcbor_uint32_pexpect	48	static
../../../externals/zcbor/src/zcbor_decode.c:344:6:zcbor_uint64_expect	48	static
../../../externals/zcbor/src/zcbor_decode.c:360:6:zcbor_uint64_pexpect	48	static
../../../externals/zcbor/src/zcbor_decode.c:368:6:zcbor_size_expect	48	static
../../../externals/zcbor/src/zcbor_decode.c:375:6:zcbor_size_pexpect	48	static
../../../externals/zcbor/src/zcbor_decode.c:418:6:zcbor_bstr_start_decode	48	static
../../../externals/zcbor/src/zcbor_decode.c:439:6:zcbor_bstr_end_decode	8	static
../../../externals/zcbor/src/zcbor_decode.c:478:6:zcbor_bstr_start_decode_fragment	32	static
../../../externals/zcbor/src/zcbor_decode.c:492:6:zcbor_next_fragment	8	static
../../../externals/zcbor/src/zcbor_decode.c:508:6:zcbor_bstr_next_fragment	8	static
../../../externals/zcbor/src/zcbor_decode.c:523:6:zcbor_is_last_fragment	8	static
../../../externals/zcbor/src/zcbor_decode.c:568:6:zcbor_bstr_decode	32	static
../../../externals/zcbor/src/zcbor_decode.c:575:6:zcbor_bstr_decode_fragment	32	static
../../../externals/zcbor/src/zcbor_decode.c:582:6:zcbor_bstr_expect	48	static
../../../externals/zcbor/src/zcbor_decode.c:589:6:zcbor_tstr_decode	32	static
../../../externals/zcbor/src/zcbor_decode.c:596:6:zcbor_tstr_decode_fragment	32	static
../../../externals/zcbor/src/zcbor_decode.c:603:6:zcbor_tstr_expect	48	static
../../../externals/zcbor/src/zcbor_decode.c:610:6:zcbor_bstr_expect_ptr	64	static
../../../externals/zcbor/src/zcbor_decode.c:619:6:zcbor_tstr_expect_ptr	64	static
../../../externals/zcbor/src/zcbor_decode.c:628:6:zcbor_bstr_expect_term	64	static
../../../externals/zcbor/src/zcbor_decode.c:635:6:zcbor_tstr_expect_term	64	static
../../../externals/zcbor/src/zcbor_decode.c:675:6:zcbor_list_start_decode	48	static
../../../externals/zcbor/src/zcbor_decode.c:682:6:zcbor_map_start_decode	32	static
../../../externals/zcbor/src/zcbor_decode.c:698:6:zcbor_array_at_end	8	static
../../../externals/zcbor/src/zcbor_decode.c:715:6:zcbor_unordered_map_start_decode	32	static
../../../externals/zcbor/src/zcbor_decode.c:765:15:get_current_index	8	static
../../../externals/zcbor/src/zcbor_decode.c:842:6:zcbor_elem_processed	8	static
../../../externals/zcbor/src/zcbor_decode.c:994:6:zcbor_list_end_decode	8	static
../../../externals/zcbor/src/zcbor_decode.c:1001:6:zcbor_map_end_decode	8	static
../../../externals/zcbor/src/zcbor_decode.c:1037:6:zcbor_list_map_end_force_decode	8	static
../../../externals/zcbor/src/zcbor_decode.c:1049:6:zcbor_simple_decode	32	static
../../../externals/zcbor/src/zcbor_decode.c:1066:6:zcbor_simple_expect	48	static
../../../externals/zcbor/src/zcbor_decode.c:1084:6:zcbor_simple_pexpect	48	static
../../../externals/zcbor/src/zcbor_decode.c:1091:6:zcbor_nil_expect	32	static
../../../externals/zcbor/src/zcbor_decode.c:1099:6:zcbor_undefined_expect	32	static
../../../externals/zcbor/src/zcbor_decode.c:1107:6:zcbor_bool_decode	48	static
../../../externals/zcbor/src/zcbor_decode.c:1126:6:zcbor_bool_expect	48	static
../../../externals/zcbor/src/zcbor_decode.c:1133:6:zcbor_bool_pexpect	48	static
../../../externals/zcbor/src/zcbor_decode.c:1148:6:zcbor_float16_bytes_decode	16	static
../../../externals/zcbor/src/zcbor_decode.c:1161:6:zcbor_float16_bytes_expect	48	static
../../../externals/zcbor/src/zcbor_decode.c:1176:6:zcbor_float16_bytes_pexpect	48	static
../../../externals/zcbor/src/zcbor_decode.c:1183:6:zcbor_float16_decode	48	static
../../../externals/zcbor/src/zcbor_decode.c:1197:6:zcbor_float16_expect	48	static
../../../externals/zcbor/src/zcbor_decode.c:1212:6:zcbor_float16_pexpect	48	static
../../../externals/zcbor/src/zcbor_decode.c:1219:6:zcbor_float32_decode	16	static
../../../externals/zcbor/src/zcbor_decode.c:1232:6:zcbor_float32_expect	48	static
../../../externals/zcbor/src/zcbor_decode.c:1247:6:zcbor_float32_pexpect	48	static
../../../externals/zcbor/src/zcbor_decode.c:1254:6:zcbor_float16_32_decode	48	static
../../../externals/zcbor/src/zcbor_decode.c:1267:6:zcbor_float16_32_expect	48	static
../../../externals/zcbor/src/zcbor_decode.c:1280:6:zcbor_float16_32_pexpect	48	static
../../../externals/zcbor/src/zcbor_decode.c:1287:6:zcbor_float64_decode	16	static
../../../externals/zcbor/src/zcbor_decode.c:1300:6:zcbor_float64_expect	48	static
../../../externals/zcbor/src/zcbor_decode.c:1315:6:zcbor_float64_pexpect	48	static
../../../externals/zcbor/src/zcbor_decode.c:1322:6:zcbor_float32_64_decode	48	static
../../../externals/zcbor/src/zcbor_decode.c:1337:6:zcbor_float32_64_expect	48	static
../../../externals/zcbor/src/zcbor_decode.c:1350:6:zcbor_float32_64_pexpect	48	static
../../../externals/zcbor/src/zcbor_decode.c:1357:6:zcbor_float_decode	48	static
../../../externals/zcbor/src/zcbor_decode.c:1374:6:zcbor_float_expect	48	static
../../../externals/zcbor/src/zcbor_decode.c:1389:6:zcbor_float_pexpect	48	static
../../../externals/zcbor/src/zcbor_decode.c:1396:6:zcbor_any_skip	128	static
../../../externals/zcbor/src/zcbor_decode.c:1008:6:zcbor_unordered_map_end_decode	16	static
../../../externals/zcbor/src/zcbor_decode.c:884:6:zcbor_unordered_map_search	80	static
../../../externals/zcbor/src/zcbor_decode.c:935:6:zcbor_search_key_bstr_ptr	64	static
../../../externals/zcbor/src/zcbor_decode.c:943:6:zcbor_search_key_tstr_ptr	64	static
../../../externals/zcbor/src/zcbor_decode.c:957:6:zcbor_search_key_tstr_term	64	static
../../../externals/zcbor/src/zcbor_decode.c:951:6:zcbor_search_key_bstr_term	64	static
../../../externals/zcbor/src/zcbor_decode.c:1476:6:zcbor_tag_decode	32	static
../../../externals/zcbor/src/zcbor_decode.c:1489:6:zcbor_tag_expect	48	static
../../../externals/zcbor/src/zcbor_decode.c:1504:6:zcbor_tag_pexpect	48	static
../../../externals/zcbor/src/zcbor_decode.c:1511:6:zcbor_multi_decode	96	static
../../../externals/zcbor/src/zcbor_decode.c:1541:6:zcbor_present_decode	48	static
../../../externals/zcbor/src/zcbor_decode.c:1557:6:zcbor_new_decode_state	8	static
