../../../externals/zcbor/src/zcbor_common.c:20:6:zcbor_new_backup	8	static
../../../externals/zcbor/src/zcbor_common.c:48:6:zcbor_process_backup	8	static
../../../externals/zcbor/src/zcbor_common.c:109:6:zcbor_union_start_code	8	static
../../../externals/zcbor/src/zcbor_common.c:118:6:zcbor_union_elem_code	8	static
../../../externals/zcbor/src/zcbor_common.c:126:6:zcbor_union_end_code	8	static
../../../externals/zcbor/src/zcbor_common.c:134:6:zcbor_new_state	8	static
../../../externals/zcbor/src/zcbor_common.c:176:6:zcbor_update_state	8	static
../../../externals/zcbor/src/zcbor_common.c:186:6:zcbor_validate_string_fragments	8	static
../../../externals/zcbor/src/zcbor_common.c:224:6:zcbor_splice_string_fragments	64	static
../../../externals/zcbor/src/zcbor_common.c:248:6:zcbor_compare_strings	16	static
../../../externals/zcbor/src/zcbor_common.c:257:8:zcbor_header_len	8	static
../../../externals/zcbor/src/zcbor_common.c:273:8:zcbor_header_len_ptr	32	static
../../../externals/zcbor/src/zcbor_common.c:286:5:zcbor_entry_function	48	static
../../../externals/zcbor/src/zcbor_common.c:338:7:zcbor_float16_to_32	8	static
../../../externals/zcbor/src/zcbor_common.c:359:10:zcbor_float32_to_16	8	static
/usr/include/string.h:413:15:strnlen	8	static
